:- square = <code>
:- sum = <code>
:- ssum = <code>
:- bench = OK
