val x : { Left + Right } =
  Left { Left + Right }
