val x : { _0 int * _1 int } =
  { { _0 int * _1 int } _0 <- 42; _1 <- 73 }
