val x : int =
  val y : int = z in val z : int = 42 in y
