val x =
  (case { True => False | False => True }) (True)
