val x =
  (case { True => U | False => U { U } }) (True)
