val x =
  (case
  { True => U
  | False => (case { True => U | False => U }) (False)
  })
  (True)
