val x =
  (case
  { True => (case { True => U | False => U }) (False)
  | False => U
  })
  (True)
