val f =
  fun (x : { U }) => fun (y : { U }) => x
