:- fst = <code>
:- snd = <code>
:- p = {_1 <- 42, _2 <- 0 }
:- z = 42
:- y = 0
