:- classify = <code>
:- xA = 1
:- xB = 1
:- xC = 2
