:- classify = <code>
:- xA = 42
:- xB = 42
:- xC = 0
