:- search = <code>
:- pred = <code>
:- r1 = Success [6]
:- r2 = Fail
