:- return = <code>
:- bind = <code>
:- run = <code>
:- cpsfact = <code>
:- n = 120
