:- concat = <code>
:- flatten = <code>
:- map = <code>
:- return = <code>
:- bind = <code>
:- generate = <code>
:- choices = <code>
:- permutation = <code>
:- length = <code>
:- fact = <code>
:- size = 2
:- check = True
