:- generate = <code>
:- insert = <code>
:- sort_aux = <code>
:- sort = <code>
:- main = Unit
