:- be = <code>
:- bop = <code>
:- a = <code>
:- lula = <code>
:- music = <code>
:- p = "please"
