:- f = <code>
:- g = <code>
:- h = <code>
:- q = 42
