:- lookup = <code>
:- set = <code>
:- sat = <code>
:- formula = <code>
:- bench = OK
